[backblue.gif]
[fade.gif]
[index.html]
[catalog.wlimg.com/templates-images/12577/common/catalog_new.css]
[catalog.wlimg.com/templates-images/12577/12584/catalog.css]
[catalog.wlimg.com/main-common/catalog_common.js]
[catalog.wlimg.com/templates-images/12577/common/catalog_new.js]
[catalog.wlimg.com/templates-images/12577/12584/setting-icon.gif]
[catalog.wlimg.com/main-common/whatsapp-icon.png]
[catalog.wlimg.com/1/5914120/other-images/12577-comp-image.png]
[catalog.wlimg.com/templates-images/12577/12584/spacer.png]
[2.wlimg.com/product_images/bc-full/2021/4/5914120/live-rhode-island-red-chicken-1618384137-5778769.jpg]
[catalog.wlimg.com/main-common/no-image.jpg]
[2.wlimg.com/product_images/bc-full/2021/4/5914120/live-rir-chicken-1617614681-5778804.jpg]
[2.wlimg.com/product_images/bc-full/2021/4/5914120/live-white-leghorn-chicken-1617614812-5778808.jpg]
[2.wlimg.com/product_images/bc-full/2021/4/5914120/live-kadaknath-chicken-1618383647-5778816.jpg]
[2.wlimg.com/product_images/bc-full/2021/4/5914120/live-country-chicken-1617615645-5778841.jpg]
[2.wlimg.com/product_images/bc-full/2021/4/5914120/live-ameraucana-chicken-1617616077-5778862.jpg]
[catalog.wlimg.com/templates-images/12577/12578/vision-mission-value.png]
[2.wlimg.com/product_images/bc-full/2021/4/5914120/live-kaveri-chicken-1617617429-5778935.jpg]
[2.wlimg.com/product_images/bc-full/2021/4/5914120/live-sonali-chicken-1617617647-5778948.jpg]
[2.wlimg.com/product_images/bc-full/2021/4/5914120/live-turkey-bird-1618384213-5778824.jpg]
[2.wlimg.com/product_images/bc-full/2021/4/5914120/live-guinea-fowl-bird-1618383812-5778833.jpg]
[2.wlimg.com/product_images/bc-full/2021/4/5914120/live-desi-hen-1617615912-5778851.png]
[2.wlimg.com/product_images/bc-full/2021/4/5914120/desi-brown-eggs-1617616470-5778886.jpg]
[2.wlimg.com/product_images/bc-full/2021/4/5914120/plastic-poultry-crates-1617616864-5778909.jpg]
[2.wlimg.com/product_images/bc-full/2021/4/5914120/poultry-feed-1617617816-5778957.jpg]
[2.wlimg.com/product_images/bc-full/2021/4/5914120/live-kadaknath-chicks-1617616712-5778898.jpg]
[2.wlimg.com/product_images/bc-full/2021/4/5914120/live-rir-chicks-1617617080-5778916.jpg]
[2.wlimg.com/product_images/bc-full/2021/4/5914120/poultry-water-sanitizer-1618468980-5790952.jpg]
[2.wlimg.com/product_images/bc-full/2021/4/5914120/chick-brooder-heat-lamp-1618467795-5790886.jpg]
[catalog.wlimg.com/templates-images/12577/common/rss_icon.png]
[catalog.wlimg.com/video-banner/orange_dark-175x40.gif]
[catalog.wlimg.com/main-common/ei.png]
[www.cheemafarm.co.in/index.html]
[cdnjs.cloudflare.com/ajax/libs/font-awesome/4.7.0/css/font-awesome.min.css]
[catalog.wlimg.com/main-common/zoom.png]
[catalog.wlimg.com/jquery-date-picker/images/ui-bg_diagonals-thick_20_666666_40x40.png]
[catalog.wlimg.com/templates-images/12577/common/catalog_new.css]
[catalog.wlimg.com/templates-images/12577/12584/pi-icons/adv-mdm.png]
[catalog.wlimg.com/templates-images/12577/12584/pi-icons/automobile.png]
[catalog.wlimg.com/templates-images/12577/12584/pi-icons/a-industry.png]
[catalog.wlimg.com/templates-images/12577/12584/pi-icons/banking.png]
[catalog.wlimg.com/templates-images/12577/12584/pi-icons/bfsi.png]
[catalog.wlimg.com/templates-images/12577/12584/pi-icons/bpo.png]
[catalog.wlimg.com/templates-images/12577/12584/pi-icons/chemical-PF.png]
[catalog.wlimg.com/templates-images/12577/12584/pi-icons/cons-realE.png]
[catalog.wlimg.com/templates-images/12577/12584/pi-icons/cons-durab.png]
[catalog.wlimg.com/templates-images/12577/12584/pi-icons/education-t.png]
[catalog.wlimg.com/templates-images/12577/12584/pi-icons/E-technical.png]
[catalog.wlimg.com/templates-images/12577/12584/pi-icons/event-Org.png]
[catalog.wlimg.com/templates-images/12577/12584/pi-icons/exp-imp.png]
[catalog.wlimg.com/templates-images/12577/12584/pi-icons/fab-erec.png]
[catalog.wlimg.com/templates-images/12577/12584/pi-icons/finance.png]
[catalog.wlimg.com/templates-images/12577/12584/pi-icons/fmcg.png]
[catalog.wlimg.com/templates-images/12577/12584/pi-icons/food-ind.png]
[catalog.wlimg.com/templates-images/12577/12584/pi-icons/heavy-ind.png]
[catalog.wlimg.com/templates-images/12577/12584/pi-icons/insurance.png]
[catalog.wlimg.com/templates-images/12577/12584/pi-icons/ites.png]
[catalog.wlimg.com/templates-images/12577/12584/pi-icons/manufac-O.png]
[catalog.wlimg.com/templates-images/12577/12584/pi-icons/marine-ship.png]
[catalog.wlimg.com/templates-images/12577/12584/pi-icons/oil-gas.png]
[catalog.wlimg.com/templates-images/12577/12584/pi-icons/pharma-MH.png]
[catalog.wlimg.com/templates-images/12577/12584/pi-icons/PP-ind.png]
[catalog.wlimg.com/templates-images/12577/12584/pi-icons/PR-energy.png]
[catalog.wlimg.com/templates-images/12577/12584/pi-icons/retail.png]
[catalog.wlimg.com/templates-images/12577/12584/pi-icons/sales-markt.png]
[catalog.wlimg.com/templates-images/12577/12584/pi-icons/telecom-tech.png]
[catalog.wlimg.com/templates-images/12577/12584/pi-icons/texttile-ind.png]
[catalog.wlimg.com/templates-images/12577/12584/pi-icons/tour-travel.png]
[catalog.wlimg.com/templates-images/12577/12584/pi-icons/trans-logis.png]
[catalog.wlimg.com/templates-images/12577/12584/pi-icons/admission.png]
[catalog.wlimg.com/templates-images/12577/12584/pi-icons/camp-hire.png]
[catalog.wlimg.com/templates-images/12577/12584/pi-icons/career-cons.png]
[catalog.wlimg.com/templates-images/12577/12584/pi-icons/dist-educt.png]
[catalog.wlimg.com/templates-images/12577/12584/pi-icons/domes-plac.png]
[catalog.wlimg.com/templates-images/12577/12584/pi-icons/ex-search.png]
[catalog.wlimg.com/templates-images/12577/12584/pi-icons/head-hunt.png]
[catalog.wlimg.com/templates-images/12577/12584/pi-icons/house-ser.png]
[catalog.wlimg.com/templates-images/12577/12584/pi-icons/hr-consul.png]
[catalog.wlimg.com/templates-images/12577/12584/pi-icons/manp-rec.png]
[catalog.wlimg.com/templates-images/12577/12584/pi-icons/migr-ser.png]
[catalog.wlimg.com/templates-images/12577/12584/pi-icons/payr-mang.png]
[catalog.wlimg.com/templates-images/12577/12584/pi-icons/rpo-ser.png]
[catalog.wlimg.com/templates-images/12577/12584/pi-icons/secr-ser.png]
[catalog.wlimg.com/templates-images/12577/12584/pi-icons/staff-sol.png]
[catalog.wlimg.com/templates-images/12577/12584/pi-icons/train-develop.png]
[catalog.wlimg.com/templates-images/12577/12584/pi-icons/work-home.png]
[catalog.wlimg.com/templates-images/12577/12584/pi-icons/hiring.png]
[catalog.wlimg.com/templates-images/12577/12584/pi-icons/realestate.png]
[catalog.wlimg.com/templates-images/12577/12584/pi-icons/resume-writing.png]
[catalog.wlimg.com/templates-images/12577/12584/pi-icons/turn-key-hiring-projects.png]
[catalog.wlimg.com/templates-images/12577/12584/pi-icons/network.png]
[catalog.wlimg.com/templates-images/12577/12584/pi-icons/enterprise.png]
[catalog.wlimg.com/templates-images/12577/12584/pi-icons/remote.png]
[catalog.wlimg.com/templates-images/12577/12584/pi-icons/jamsJwell.png]
[catalog.wlimg.com/templates-images/12577/12584/pi-icons/iso-consultancy.png]
[catalog.wlimg.com/templates-images/12577/12584/pi-icons/hospital.png]
[catalog.wlimg.com/templates-images/12577/12584/pi-icons/elder-care.png]
[catalog.wlimg.com/templates-images/12577/12584/pi-icons/nursing.png]
[catalog.wlimg.com/templates-images/12577/12584/pi-icons/attendants.png]
[catalog.wlimg.com/templates-images/12577/12584/pi-icons/baby-care.png]
[catalog.wlimg.com/templates-images/12577/12584/pi-icons/labour-cont.png]
[catalog.wlimg.com/templates-images/12577/12584/pi-icons/electical-cont.png]
[catalog.wlimg.com/templates-images/12577/12584/sprites_image.png]
[catalog.wlimg.com/templates-images/12577/12584/fluid_dg_skins.png]
[catalog.wlimg.com/templates-images/12577/12584/bx_loader.gif]
[catalog.wlimg.com/templates-images/12577/12584/controls.png]
[catalog.wlimg.com/templates-images/12577/12584/testimonials.jpg]
[catalog.wlimg.com/templates-images/12577/12584/controls-test.png]
[catalog.wlimg.com/templates-images/12577/12584/trng-shape-bg.jpg]
[catalog.wlimg.com/templates-images/12577/12584/tst-arrow.png]
[catalog.wlimg.com/templates-images/12577/12584/location-map.jpg]
[catalog.wlimg.com/templates-images/12577/12584/tst-bg.png]
[catalog.wlimg.com/templates-images/12577/12584/home-icon.png]
[catalog.wlimg.com/templates-images/12577/12584/home-icon-white.png]
[catalog.wlimg.com/templates-images/12577/12584/contact-bg.jpg]
[catalog.wlimg.com/templates-images/12577/12584/content-slider.jpg]
[catalog.wlimg.com/templates-images/12577/12584/inqCont-bg.jpg]
[catalog.wlimg.com/templates-images/12577/12584/newsletter.png]
[catalog.wlimg.com/templates-images/12577/12584/inqBg.png]
[catalog.wlimg.com/templates-images/12577/12584/fact-stripe.png]
[catalog.wlimg.com/templates-images/12577/12584/vismis_bg.png]
[catalog.wlimg.com/templates-images/12577/12584/proRange-bg.jpg]
[catalog.wlimg.com/templates-images/12577/12584/exp-icon-white.png]
[catalog.wlimg.com/templates-images/12577/12584/location-icon-white.png]
[catalog.wlimg.com/templates-images/12577/12584/sprite-icon-rei.png]
[catalog.wlimg.com/templates-images/12577/12584/footbg-map.png]
[catalog.wlimg.com/templates-images/12577/12584/catalog.css]
[catalog.wlimg.com/templates-images/12577/12584/ei_footerbg.html]
[catalog.wlimg.com/templates-images/12577/12584/bg1.jpg]
[catalog.wlimg.com/templates-images/12577/12584/bg3.jpg]
[www.cheemafarm.co.in/thanks.html]
[www.cheemafarm.co.in/about-us.html]
[2.wlimg.com/product_images/bc-full/2021/4/5914120/live-aseel-fighter-chicken-1618384035-5789779.jpg]
[2.wlimg.com/product_images/bc-full/2021/4/5914120/live-ffg-kuroiler-chicken-1618385131-5789834.jpg]
[2.wlimg.com/product_images/bc-full/2021/4/5914120/live-brahma-chicken-1619094705-5798891.jpg]
[2.wlimg.com/product_images/bc-full/2021/4/5914120/quail-birds-1619094913-5798895.jpg]
[2.wlimg.com/product_images/bc-full/2021/4/5914120/agricultural-sprayer-1618386200-5789878.jpg]
[2.wlimg.com/product_images/bc-full/2021/4/5914120/poultry-feeder-1618468447-5790929.jpg]
[2.wlimg.com/product_images/bc-full/2021/4/5914120/automatic-drinker-1618468021-5790904.jpg]
[www.cheemafarm.co.in/products.html]
[catalog.wlimg.com/main-common/intlTelInput.css]
[www.cheemafarm.co.in/poultry-water-sanitizer.html]
[www.cheemafarm.co.in/plastic-spray-pumps.html]
[catalog.wlimg.com/main-common/intlTelInput.js]
[www.cheemafarm.co.in/poultry-feeder.html]
[www.cheemafarm.co.in/automatic-drinker.html]
[2.wlimg.com/product_images/bc-full/2021/4/5914120/1618467746_p_5790886_1295170.jpg]
[2.wlimg.com/product_images/bc-full/2021/4/5914120/1618467752_p_5790886_1295173.jpg]
[2.wlimg.com/product_images/bc-full/2021/4/5914120/1618467765_p_5790886_1295177.jpg]
[www.cheemafarm.co.in/chick-brooder-heat-lamp.html]
[www.cheemafarm.co.in/live-chicken.html]
[www.cheemafarm.co.in/live-rhode-island-red-chicken.html]
[www.cheemafarm.co.in/live-ffg-kuroiler-chicken.html]
[www.cheemafarm.co.in/live-aseel-fighter-chicken.html]
[www.cheemafarm.co.in/live-sonali-chicken.html]
[www.cheemafarm.co.in/live-kaveri-chicken.html]
[www.cheemafarm.co.in/live-birds.html]
[www.cheemafarm.co.in/live-turkey-bird.html]
[www.cheemafarm.co.in/live-guinea-fowl-bird.html]
[www.cheemafarm.co.in/quail-birds.html]
[www.cheemafarm.co.in/live-chicks.html]
[www.cheemafarm.co.in/live-kadaknath-chicks.html]
[www.cheemafarm.co.in/live-rir-chicks.html]
[www.cheemafarm.co.in/live-desi-hen.html]
[www.cheemafarm.co.in/desi-brown-eggs.html]
[www.cheemafarm.co.in/plastic-poultry-crates.html]
[www.cheemafarm.co.in/poultry-feed.html]
[2.wlimg.com/product_images/bc-full/2021/4/5914120/poultry-vaccination-service-1618836146-5789954.jpg]
[www.cheemafarm.co.in/poultry-vaccination-service.html]
[www.cheemafarm.co.in/testimonials.html]
[www.cheemafarm.co.in/online-payment.html]
[www.cheemafarm.co.in/contact-us.html]
[www.cheemafarm.co.in/live-rir-chicken.html]
[www.cheemafarm.co.in/live-white-leghorn-chicken.html]
[www.cheemafarm.co.in/live-kadaknath-chicken.html]
[www.cheemafarm.co.in/live-country-chicken.html]
[www.cheemafarm.co.in/live-ameraucana-chicken.html]
[www.cheemafarm.co.in/testimonials3bad.html]
[dyimg77.exportersindia.com/catalog-gallery/gallery_25500_20210405155950.jpg]
[dyimg77.exportersindia.com/catalog-gallery/gallery_25502_20210405155958.jpg]
[dyimg77.exportersindia.com/catalog-gallery/gallery_25503_20210405160002.jpg]
[dyimg77.exportersindia.com/catalog-gallery/gallery_25504_20210405160007.jpg]
[dyimg77.exportersindia.com/catalog-gallery/gallery_25505_20210405160012.jpg]
[dyimg77.exportersindia.com/catalog-gallery/gallery_25507_20210405160021.jpg]
[dyimg77.exportersindia.com/catalog-gallery/gallery_25508_20210405160026.jpg]
[dyimg77.exportersindia.com/catalog-gallery/gallery_25997_20210414130239.jpg]
[dyimg77.exportersindia.com/catalog-gallery/gallery_25998_20210414130251.jpg]
[dyimg77.exportersindia.com/catalog-gallery/gallery_25999_20210414130259.jpg]
[dyimg77.exportersindia.com/catalog-gallery/gallery_26000_20210414130307.jpg]
[www.cheemafarm.co.in/gallery.html]
[www.cheemafarm.co.in/sitemap.html]
[www.cheemafarm.co.in/products-2.html]
[cdnjs.cloudflare.com/ajax/libs/font-awesome/4.7.0/css/font-awesome.min.css]
[catalog.wlimg.com/templates-images/12577/12584/pi-icons/event-org.html]
[catalog.wlimg.com/templates-images/12577/12584/pi-icons/overseas.png]
[catalog.wlimg.com/templates-images/12577/12584/fluid_dg-loader.html]
[catalog.wlimg.com/templates-images/12577/12584/loading.html]
[catalog.wlimg.com/templates-images/12577/12584/common_x_bgs_50px.html]
[catalog.wlimg.com/templates-images/12577/12584/dotted-abtImg.png]
[catalog.wlimg.com/templates-images/12577/12584/visMisVal-shape.html]
[catalog.wlimg.com/templates-images/12577/12584/vis-mis-bg.jpg]
[catalog.wlimg.com/templates-images/12577/12584/serBg.gif]
[catalog.wlimg.com/templates-images/12577/12584/close.html]
[catalog.wlimg.com/templates-images/12577/12584/sitemap_home.html]
[catalog.wlimg.com/templates-images/12577/12584/sitemap_hr.html]
[catalog.wlimg.com/templates-images/12577/12584/zoom_bg.html]
[catalog.wlimg.com/templates-images/12577/12584/sprite_icons.html]
[catalog.wlimg.com/templates-images/12577/12584/sprite-activities.html]
[catalog.wlimg.com/templates-images/12577/12584/sprite-activities-gray.html]
[catalog.wlimg.com/templates-images/12577/12584/pattern_n2.html]
[catalog.wlimg.com/templates-images/12577/12584/tp-sprite.html]
[catalog.wlimg.com/templates-images/12577/12584/sprite-icon-cab.html]
[catalog.wlimg.com/templates-images/12577/12584/footer_pattern.html]
[www.cheemafarm.co.in/live-brahma-chicken.html]
[code.jquery.com/jquery-1.8.3.min.js]
[catalog.wlimg.com/main-common/bizcatglog-js.js]
[catalog.wlimg.com/main-common/country_list.js]
[catalog.wlimg.com/main-common/common-static-form_new.js]
[catalog.wlimg.com/main-common/swfobject-new.js]
[catalog.wlimg.com/jquery-date-picker/jquery-ui.min.js]
[catalog.wlimg.com/main-common/resp_common.js]
[catalog.wlimg.com/main-common/Modernizr2.7.1.js]
[catalog.wlimg.com/templates-images/12577/common/ddsmoothmenu.js]
[catalog.wlimg.com/templates-images/12577/common/fluid_dg.min.js]
[catalog.wlimg.com/templates-images/12577/common/jquery.bxslider.min.js]
[catalog.wlimg.com/templates-images/12577/common/12577.js]
[catalog.wlimg.com/templates-images/12577/common/lazysizes.js]
[catalog.wlimg.com/catalog-image-jquery/jquery.fancybox.min.js]
[catalog.wlimg.com/main-common/jquery.photo.gallery.js]
[catalog.wlimg.com/main-common/jquery.paging.photo.gallery.js]
[www.cheemafarm.co.in/enquiry-form-10019baad.html]
[catalog.wlimg.com/main-common/flags.png]
[catalog.wlimg.com/main-common/intlTelInput.css]
[www.cheemafarm.co.in/enquiry-form-10019fc13.html]
[2.wlimg.com/product_images/bc-full/2021/4/5914120/maize-feed-1618385801-5789862.jpg]
[www.cheemafarm.co.in/maize-feed.html]
[www.cheemafarm.co.in/enquiry-form-100192340.html]
[www.cheemafarm.co.in/enquiry-form-1001999a9.html]
[www.cheemafarm.co.in/enquiry-form-10019f624.html]
[www.cheemafarm.co.in/enquiry-form-100191753.html]
[www.cheemafarm.co.in/enquiry-form-10019959f.html]
[www.cheemafarm.co.in/enquiry-form-100199800.html]
[www.cheemafarm.co.in/enquiry-form-1001983cc.html]
[www.cheemafarm.co.in/enquiry-form-100193fe7.html]
[www.cheemafarm.co.in/enquiry-form-10019edbc.html]
[www.cheemafarm.co.in/enquiry-form-10019d938.html]
[www.cheemafarm.co.in/enquiry-form-10019a88a.html]
[www.cheemafarm.co.in/enquiry-form-10019a83e.html]
[www.cheemafarm.co.in/enquiry-form-100195389.html]
[www.cheemafarm.co.in/enquiry-form-1001924bb.html]
[www.cheemafarm.co.in/enquiry-form-10019c687.html]
[www.cheemafarm.co.in/enquiry-form-100198783.html]
[www.cheemafarm.co.in/enquiry-form-100199586.html]
[www.cheemafarm.co.in/enquiry-form-10019699a.html]
[www.cheemafarm.co.in/enquiry-form-10019894b.html]
[www.cheemafarm.co.in/enquiry-form-1001902f5.html]
[www.cheemafarm.co.in/enquiry-form-10019a4ad.html]
[www.cheemafarm.co.in/enquiry-form-10019a8c3.html]
[www.cheemafarm.co.in/current-jobs.html]
[www.cheemafarm.co.in/enquiry-form-100198a96.html]
[www.cheemafarm.co.in/enquiry-form-10019291e.html]
